[   0.0000] Linx ersin .15.0-36-generic (buildd@lgw01-amd64-031)(gc version 7.3.0 (Ubuntu 7.3.0-16ubuntu3)) #39-Ubuntu SMP Mon Sep 24 16:19:09 UTC 2018 (Ubuntu 4.15.0-36.39-generic 4.15.18)
[    0.000000] Command line: BOOT_IMAGE=/boot/vmlinuz-4.15.0-36-generic root=LABEL=cloudimg-rootfs ro console=tty1 console=ttyS0
[    0.000000] KERNEL supported cpus:
[    0.000000]   Intel GenuineIntel
[    0.000000]   AMD AuthenticAMD
[    0.000000]   Centaur CentaurHauls
[    0.000000] x86/fpu: Supporting XSAVE feature 0x001: 'x87 floating point registers'
[    0.000000] x86/fpu: Supporting XSAVE feature 0x002: 'SSE registers'
[    0.000000] x86/fpu: Supporting XSAVE feature 0x004: 'AVX registers'
[    0.000000] x86/fpu: xstate_offset[2]:  576, xstate_sizes[2]:  256
[  0.000000] x86/fpu: Enabled xstate features 0x7, context size is 832 bytes, using 'standard' format.
[    0.000000] e820: BIOS-provided physical RAM map:
[    0.000000] BIOS-e820: [mem 0x0000000000000000-0x000000000009fbff] usable
[    0.000000] BIOS-e820: [mem 0x000000000009fc00-0x000000000009ffff] reserved
[    0.000000] BIOS-e820: [mem 0x00000000000f0000-0x00000000000fffff] reserved
[    0.000000] BIOS-e820: [mem 0x0000000000100000-0x000000003feffff] usable
[    0.000000] BIOS-e820: [mem 0x000000003fff0000-0x000000003fffffff] ACPI data
[    0.00000] BIOS-e820: [mem 0x00000000fec00000-0x00000000fec00fff] reserved
[    0.000000] BIOS-e820: [mem 0x00000000fee00000-0x00000000fee00fff] reserved
[    0.000000] BIOS-e820: [mem 0x00000000fffc0000-0x00000000ffffffff] reserved
[    0.000000] NX (Execute Disable)rotection: active
[  0.000000] SMBIOS 2.5 present.
[  0.000000] DMI: innotek GmbH VirtualBox/VrtalBo, IOS VirtualBox 12/01/2006
[    0.000000] Hypervisor detected: KVM
[    0.000000] e820: last_pfn = 0x3fff0 max_arch_pfn = 0x400000000
[    0.000000] MTRR: Disabled
[    0.000000] x86/PAT: MTRRs disabled, skipping PAT initialization too.
[    0.000000] CPU MTRRs all blank - virtualized system.
[    0.000000] x6/AT: Cfigution 0-7]:B  WT  UC- UC  WB  WT  UC- UC  
[    0.000000] found SMP MP-table at [mem 0x0009fff0-0x0009ffff] mapped at [        (ptrval)]
[  0.000000] Scanning 1 areas for low memory corruption
[  0.000000] RAMDIK:[mem 0x35ae00-0x36d68fff]
[  0.0000] ACPI: Early table checksum verification disabled
[    0.000000] ACPI: RSP x000000000E0000 000024 (v02 VBOX  )
[   .000000] ACPI: XSDT 0x000000003FFF0030 00003C (v01 VBOX   VBOXXSDT 00000001 ASL  00000061)
[    0.000000] ACPI: FACP 0x000000003FFF00F0 0000F4 (v04 VBOX   VBOXFACP 00000001 ASL  00000061)
[    0.000000] ACPI: DSDT 0x000000003FFF04700021FF (v02 VBOX   VBOXBIOS 00000002 INTL 20100528
[   0.0000] CPI: FACS 0x000000003FFF0200 000040
[   .000000] ACPI: FACS 0x000000003FFF0200 000040
[  0.00000 ACPI: APIC 0x000000FF0240 000C (v02 VBOX   VBOXAPIC 00000001 ASL  00000061)
[   .0000] ACPI SDT 0x0000003FFF02A0 0001CC (v01 VBOX   VBOXCPUT00000002 INTL 20100528)
[    0.000000] No NUMA configuration found
[    0.000000] Faking a node at [mem 0x0000000000000000-0x000000003ffeffff]
[    0.000000] NODE_DATA(0) allocated [mem 0x3ffc5000-0x3ffeffff]
[    0.000000] kvm-clock: cpu 0, msr 0:3ff44001, primary cpu clock
[    0.000000] kvm-clock: Using msrs 4b564d01 and 4b564d00
[    0.000000] kvm-clock: using sched offset of 4082205806 cycles
[    0.000000] clocksource: kvm-clock: mask:0xffffffffffffffff max_cycles: 0x1cd42e4dffb, max_idle_ns: 881590591483 ns
[    0.000000] Zone ranges:
[    0..000000]   DMA      [mem 0x0000000000001000-0x0000000000ffffff]
[    0.000000]   DMA32    [mem 0x0000000001000000-0x000000003ffeffff]
[    0.000000]   Normal   empty
[    0.000000]   Device   empty
[    0.00000] Movable zone start for ach node
[  0.000000] Early memory node ranges
[    0.000000]   node   0: [mem 0x0000000000001000-0x000000000009efff]
[    0.000000]   node   0: [mem 0x0000000000100000-0x00000000ffffff]
[    0.000000] Initmem setup node 0 [mem 0x0000000000001000-0x000000003fefff]
[  0.000000] Reservedut unavailable: 98 pages
[    0.000000] ACPI: PM-Timer IO Port: 0x4008
[    0.000000] IOAPIC[0]: apic_id 2, version 32, address 0xfec00000, GSI 0-23
[    0.000000] ACPI: INT_SRC_OVR (bus 0 bus_irq 0 global_irq 2 dfl dfl)
[    0.000000] ACPI: INT_SRC_OVR (bus 0 bus_irq 9 global_irq 9 low level)
[    0.000000] Using ACPI (MADT) for SMP configuration information
[    0.000000] smpboot: Allowing 2 CPUs, 0 hotplug CPUs
[    0.000000] PM: Registered nosave memory: [mem 0x00000000-0x00000fff]
[    0.000000] PM: Registered nosave memory: [mem 0x0009f000-0x0009fff]
[   .000000] PM: Registered nosave memory: [mem 0x000a000-0x000effff]
[   0.000000] PM: Registered nosave memory: [mem 0x000f0000-0x000fff]
   0.0000] e820:[mem 0x400000-0xfebfffff] avaible for PCI evces[    0.000000] Boong pavirtuized kernel on KVM
[  0.0000] clocksource: refined-jiffies: mask: 0xffffffff max_cycles: 0xffffffff, max_idle_ns: 7645519600211568 ns
[    0.000000] random: get_random_bytes called from start_kernel+0x99/0x4fd with crng_init=0
[    0.000000] setup_percpu: NR_CPUS:8192 nr_cpumask_bits:2 nr_cpu_ids nr_node_ids:1
[  0.0000] percpu: Embedded 46 pages/cpu @        (ptrval) s151552 r8192 d28672 u1048576
[    0.000000] PV qspinlock hash table entries: 256 (order: 0, 4096 bytes)
[    0.000000] Built 1 zonelists, mobility grouping on.  Total pages: 257913
[    0.000000] Policy zone: DMA32
[    0.000000] Kernel command line: BOOT_IMAGE=/boot/vmlinuz-4.15.0-36-generic root=LABEL=cloudimg-rootfs ro console=tty1 console=ttyS0
[    0.000000] Memory: 983616K/1048120K available (12300K kernel code, 2472K rwdata, 4248K rodata, 2408K init, 2416K bss, 64504K reserved, 0K cma-reserved)
[    0.000000] SLUB: HWalign=64, Order=0-3, MinObjects=0, CPUs=2, Nodes=1
[    0.000000] Kernel/User page tables isolation: enabled
[    0.000000] ftrace: allocating 39168 entries in 154 pages
[    0.004000] Hierarchical RCU implementation.
[    0.004000] 	RCU restricting CPUs from NR_CPUS=8192 to nr_cpu_ids=2.
[    0.004000] 	Tasks RCU enabled.
[    0.004000] RCU: Adjusting geometry for rcu_fanout_leaf=16, nr_cpu_ids=
[    0.0040] NR_IQS 5254, nr_irqs: 440, preallocated irqs: 16
[    0.004000] Console: colour VGA+ 80x25
[    0.004000] console [tty1] enabled
[    0.004000] console [ttyS0] enabled
[    0.004000] ACPI: Core revision20170831
[    0.004000] ACPI: 2 ACPI AML tables successfully acquired and loaded
[    0.004000] APIC: Switch to symmetric I/O mode setup
[    0.004000] x2apic enabled
[    0.004000] Switched APIC routing to physical x2apic.
[    0.004000] ..TIMER: vector=0x30 apic1=0 pin1=2 apic2=-1 pin2=-1
[    0.004010] tsc: Detected 2294.790 MHz processor
[    0.008031] Calibrating delay loop (skipped) preset value.. 4589.58 BogoMIPS (lpj=9179160)
[    0.012010] pid_max: default: 32768 minimum: 301
[    0.016071] Security Framework initialized
[    0.020012] Yama: becoming mindful.
[    0.020840] AppArmor: AppArmor initialized
[    0.024066] Dentry cache hash table entries: 131072 (order: 8, 1048576 bytes)
[    0.028236] Inode-cache hash table entries: 65536 (order: 7, 524288 bytes)
[    0.032035] Mount-cache hash table entries: 2048 (order: 2, 16384 bytes)
[    0.036042] Mountpoint-cache hash table entries: 2048 (order: 2, 16384 bytes)
[    0.040304] mce: CPU supports 0 MCE banks
[    0.044032] Last level iTLB entries: 4KB 512, 2MB 8, 4MB 8
[    0.048012] Last level dTLB entries: 4KB 512, 2MB 32, 4MB 32, 1GB 0
[    0.049156] Spectre V2 : Mitigation: Full generic retpoline
[    0.050600] Spectre V2 : Spectre v2 / SpectreRSB mitigation: Filling RSB on context switch
[    0.052009] Speculative Store Bypass: Vulnerable
[    0.056135] Freeing SMP alternatives memory: 36K
[    0.068000] smpboot: CPU0: Intel(R) Core(TM) i7-3610QM CPU @ 2.30GHz (family: 0x6, model: 0x3a, stepping: 0x9)
[    0.068143] Performance Events: unsupported p6 CPU model 58 no PMU driver, software events only.
[    0.072157] Hierarchical SRCU implementation.
[    0.073631] NMI watchdog: Perf event create on CPU 0 failed with -2
[    0.076003] NMI watchdog: Perf NMI watchdog permanently disabled
[    0.080063] smp: Bringing up secondary CPUs ...
[    0.084152] x86: Booting SMP configuration:
[    0.088015] .... node  #0, CPUs:      #1
[    0.004000] kvm-clock: cpu 1, msr 0:3ff44041, secondary cpu clock
[    0.004000] mce: CPU supports 0 MCE banks
[    0.119539] smp: Brought up 1 node, 2 CPUs
[    0.120026] smpboot: Max logical packages: 1
[    0.124027] smpboot: Total of 2 processors activated (9179.16 BogoMIPS)
[    0.128259] devtmpfs: initialized
[    0.132104] x86/mm: Memory block size: 128MB
[    0.136230] evm: security.selinux
[    0.140017] evm: security.SMACK64
[    0.144014] evm: security.SMACK64EXEC
[    0.145107] evm: security.SMACK64TRANSMUTE
[    0.148010] evm: security.SMACK64MMAP
[    0.152004] evm: security.apparmor
[    0.152699] evm: security.ima
[    0.153414] evm: security.capability
[    0.156121] clocksource: jiffies: mask: 0xffffffff max_cycles: 0xffffffff, max_idle_ns: 7645041785100000 ns
[    0.158505] futex hash table entries: 512 (order: 3, 32768 bytes)
[    0.160100] pinctrl core: initialized pinctrl subsystem
[    0.163090] RTC time: 12:06:02, date: 10/30/18
[    0.164397] NET: Registered protocol family 16
[    0.165740] audit: initializing netlink subsys (disabled)
[    0.168012] audit: type=2000 audit(1540901163.962:1): state=initialized audit_enabled=0 res=1
[    0.172037] cpuidle: using governor ladder
[    0.176029] cpuidle: using governor menu
[    0.180171] ACPI: bus type PCI registered
[    0.184008] acpiphp: ACPI Hot Plug PCI Controller Driver version: 0.5
[    0.185362] PCI: Using configuration type 1 for base access
[    0.188330] HugeTLB registered 2.00 MiB page size, pre-allocated 0 pages
[    0.192154] ACPI: Added _OSI(Module Device)
[    0.196018] ACPI: Added _OSI(Processor Device)
[    0.200027] ACPI: Added _OSI(3.0 _SCP Extensions)
[    0.204023] ACPI: Added _OSI(Processor Aggregator Device)
[    0.208023] ACPI: Added _OSI(Linux-Dell-Video)
[    0.212020] ACPI: Added _OSI(Linux-Lenovo-NV-HDMI-Audio)
[    0.216359] ACPI: Executed 1 blocks of module-level executable AML code
[    0.224626] ACPI: Interpreter enabled
[    0.228070] ACPI: (supports S0 S5)
[    0.228756] ACPI: Using IOAPIC for interrupt routing
[    0.232348] PCI: Using host bridge windows from ACPI; if necessary, use "pci=nocrs" and report a bug
[    0.236231] ACPI: Enabled 2 GPEs in block 00 to 07
[    0.249088] ACPI: PCI Root Bridge [PCI0] (domain 0000 [bus 00-ff])
[    0.252026] acpi PNP0A03:00: _OSC: OS supports [ASPM ClockPM Segments MSI]
[    0.256080] acpi PNP0A03:00: _OSC: not requesting OS control; OS requires [ExtendedConfig ASPM ClockPM MSI]
[    0.260116] acpi PNP0A03:00: fail to add MMCONFIG information, can't access extended PCI configuration space under this bridge.
[    0.264578] PCI host bridge to bus 0000:00
[    0.265680] pci_bus 0000:00: root bus resource [io  0x0000-0x0cf7 window]
[    0.268014] pci_bus 0000:00: root bus resource [io  0x0d00-0xffff window]
[    0.272014] pci_bus 0000:00: root bus resource [mem 0x000a0000-0x000bffff window]
[    0.273457] pci_bus 0000:00: root bus resource [mem 0x40000000-0xfdffffff window]
[    0.276014] pci_bus 0000:00: root bus resource [bus 00-ff]
[    0.280564] pci 0000:00:01.1: legacy IDE quirk: reg 0x10: [io  0x01f0-0x01f7]
[    0.284012] pci 0000:00:01.1: legacy IDE quirk: reg 0x14: [io  0x03f6]
[    0.285163] pci 0000:00:01.1: legacy IDE quirk: reg 0x18: [io  0x0170-0x0177]
[    0.288013] pci 0000:00:01.1: legacy IDE quirk: reg 0x1c: [io  0x0376]
[    0.312812] pci 0000:00:07.0: quirk: [io  0x4000-0x403f] claimed by PIIX4 ACPI
[    0.316094] pci 0000:00:07.0: quirk: [io  0x4100-0x410f] claimed by PIIX4 SMB
[    0.344440] ACPI: PCI Interrupt Link [LNKA] (IRQs 5 9 10 *11)
[    0.348639] ACPI: PCI Interrupt Link [LNKB] (IRQs 5 9 *10 11)
[    0.352225] ACPI: PCI Interrupt Link [LNKC] (IRQs 5 *9 10 11)
[    0.356135] ACPI: PCI Interrupt Link [LNKD] (IRQs 5 9 10 *11)
[    0.358033] SCSI subsystem initialized
[    0.360157] pci 0000:00:02.0: vgaarb: setting as boot VGA device
[    0.364000] pci 0000:00:02.0: vgaarb: VGA device added: decodes=io+mem,owns=io+mem,locks=none
[    0.364021] pci 0000:00:02.0: vgaarb: bridge control possible
[    0.365339] vgaarb: loaded
[    0.368089] ACPI: bus type USB registered
[    0.372130] usbcore: registered new interface driver usbfs
[    0.376045] usbcore: registered new interface driver hub
[    0.380100] usbcore: registered new device driver usb
[    0.381262] EDAC MC: Ver: 3.0.0
[    0.384350] PCI: Using ACPI for IRQ routing
[    0.385713] NetLabel: Initializing
[    0.388014] NetLabel:  domain hash size = 128
[    0.392010] NetLabel:  protocols = UNLABELED CIPSOv4 CALIPSO
[    0.396047] NetLabel:  unlabeled traffic allowed by default
[    0.400111] clocksource: Switched to clocksource kvm-clock
[    0.431269] VFS: Disk quotas dquot_6.6.0
[  04329 VS:quot-cache hash table entries: 512 (order 0, 4096 bytes
   0.686209] ApAror: AppArm Feste Eabed
[    1.058408pn PP ACPI init
[  1088]pnp: PnP ACPI: found 3 devices

[    1.393703]clocksource: acpi_pm: mask: 0ffffaxcyes: 0xffffff, max_idle_ns: 2085701024 ns
[  11598 NET: Rgiteedrotco family 2

[   1.484] TCP establhed hash table entries: 8192 (order 4 636bys)[  2412]TCbid astae ntries: 8192 (order: 5, 131072 bytes)
[  2.794573] TCP: Hash tables configured (established 8192 bind 8192)
[    2.845775] UDP hash tabe nties: 512 (order: 2, 16384 bytes)
[    2.925858] UDP-Lite hash table entries: 512 (order: 2, 16384 bytes)
[  2519]NE: egteedprocl mily1
[  3204]ci00:00:000: Limitng dret CIPCI transfers
[   8808] pci 000:00:01.0: Activating ISA DMA hang workarounds

[    4.041538] pci 0000:00:02.0: Video device with shadowed ROM at [mem 0x000c0000-0x000dffff]
[    4.043158] Unpacking initramfs...
[    4.334899] Freeing initrd memory: 18968K
[    4.348274] platform rtc_cmos: registered platform RTC device (no PNP device found)
[    4.388423] Scanning for low memory corruption every 60 seconds
[    4.415504] Initialise system trusted keyrings
[    4.444175] Key type blacklist registered
[    4.474154] workingset: timestamp_bits=36 max_order=18 bucket_order=0
[    4.482843] zbud: loaded
[    4.483907] squashfs: version 4.0 (2009/01/31) Phillip Lougher
[    4.513751] fuse init (API version 7.26)
[    4.540357] Key type asymmetric registered
[    4.555293] Asymmetric key parser 'x509' registered
[    4.578569] Block layer SCSI generic (bsg) driver version 0.4 loaded (major 246)
[    4.599048] io scheduler noop registered
[    4.616977] io scheduler deadline registered
[    4.655352] io scheduler cfq registered (default)
[   4.359] ACI:C daerAC(o-line)
[   5.5934] input: Power Button as /devices/LNXSYSTM:00/LNXPWRBN:00/input/input0

[  5358] ACPI: Power Button WR]
[  5762]tsc: Refined TSC clocksour cliaton223.770MH
[    5.41230] clocksource: tsc: mask: 0xffffffffffffffff max_cycles: 0x211037fe628, max_idle_ns: 440795316812 ns

[    5.841381] input: Sleep Button as eves/LXSYTM0/XSLPBN:00/input/input1

[    5.841390] ACPI: SleepButton [SLPF]

[    5.871359] Serial: 8250/16550 driver, 32 ports, IRQ sharing enabled
[    6.142451] 00:02: ttyS0 at I/O 0x3f8 (irq = 4, base_baud = 115200) is a 16550A
[    6.196113] Linux agpgart interface v0.103
[    6.288250] loop: module loaded
[    6.319167] scsi host0: ata_piix
[    6.328349] scsi host1: ata_piix
[    6.329028] ata1: PATA max UDMA/33 cmd 0x1f0 ctl 0x3f6 bmdma 0xd000 irq 14
[    6.337093] ata2: PATA max UDMA/33 cmd 0x170 ctl 0x376 bmdma 0xd008 irq 15
[    6.338465] libphy: Fixed MDIO Bus: probed
[    6.347378] tun: Universal TUN/TAP device driver, 1.6
[    6.419652] PPP generic driver version 2.4.2
[    6.473031] ehci_hcd: USB 2.0 'Enhanced' Host Controller (EHCI) Driver
[    6.501939] ehci-pci: EHCI PCI platform driver
[    6.502902] ehci-platform: EHCI generic platform driver
[    6.503941] ohci_hcd: USB 1.1 'Open' Host Controller (OHCI) Driver
[    6.522863] ohci-pci: OHCI PCI platform driver
[    6.550465] ohci-platform: OHCI generic platform driver
[    6.551769] uhci_hcd: USB Universal Host Controller Interface driver
[    6.556737] i8042: PNP: PS/2 Controller [PNP0303:PS2K,PNP0f03:PS2M] at 0x60,0x64 irq 1,12
[    6.569998] serio: i8042 KBD port at 0x60,0x64 irq 1
[    6.570911] serio: i8042 AUX port at 0x60,0x64 irq 12
[    6.577863] mousedev: PS/2 mouse device common for all mice
[    6.579300] input: AT Translated Set 2 keyboard as /devices/platform/i8042/serio0/input/input2
[    6.581882] rtc_cmos rtc_cmos: rtc core: registered rtc_cmos as rtc0
[    6.583521] rtc_cmos rtc_cmos: alarms up to one day, 114 bytes nvram
[    6.585106] i2c /dev entries driver
[    6.599337] pcie_mp2_amd: AMD(R) PCI-E MP2 Communication Driver Version: 1.0
[    6.617155] device-mapper: uevent: version 1.0.3
[    6.627661] device-mapper: ioctl: 4.37.0-ioctl (2017-09-20) initialised: dm-devel@redhat.com
[    6.645382] ledtrig-cpu: registered to indicate activity on CPUs
[    6.650741] NET: Registered protocol family 10
[    6.656354] Segment Routing with IPv6
[    6.677988] NET: Registered protocol family 17
[    6.693083] Key type dns_resolver registered
[    6.714586] RAS: Correctable Errors collector initialized.
[    6.717350] sched_clock: Marking stable (6717302182, 0)->(11838381356, -5121079174)
[    6.721424] registered taskstats version 1
[    6.752797] Loading compiled-in X.509 certificates
[    6.769102] Loaded X.509 cert 'Build time autogenerated kernel key: fcd93cd0852f7ae1da10896371e06e3c19479c00'
[    6.831509] zswap: loaded using pool lzo/zbud
[    6.858706] Key type big_key registered
[    6.878446] Key type trusted registered
[    6.918649] Key type encrypted registered
[    6.938594] AppArmor: AppArmor sha1 policy hashing enabled
[    6.949156] ima: No TPM chip found, activating TPM-bypass! (rc=-19)
[    6.980755] ima: Allocated hash algorithm: sha1
[    7.015933] evm: HMAC attrs: 0x1
[    7.052024]   Magic number: 6:616:128
[    7.080552] acpi PNP0C02:00: hash matches
[    7.081380] rtc_cmos rtc_cmos: setting system clock to 2018-10-30 12:06:10 UTC (1540901170)
[    7.083047] BIOS EDD facility v0.16 2004-Jun-25, 0 devices found
[    7.093953] EDD information not available.
[    7.140639] Freeing unused kernel memory: 2408K
[    7.172736] Write protecting the kernel read-only data: 20480k
[    7.181350] Freeing unused kernel memory: 2008K
[    7.186192] Freeing unused kernel memory: 1896K
[    7.194458] x86/mm: Checked W+X mappings: passed, no W+X pages found.
[    7.196109] x86/mm: Checking user space page tables
[    7.323808] x86/mm: Checked W+X mappings: passed, no W+X pages found.
Loading, please wait...
starting version 237
[    7.502364] e1000: Intel(R) PRO/1000 Network Driver - version 7.3.21-k8-NAPI
[    7.533896] e1000: Copyright (c) 1999-2006 Intel Corporation.
[    7.582756] Fusion MPT base driver 3.04.20
[    7.590601] Copyright (c) 1999-2008 LSI Corporation
[    7.625633] Fusion MPT SPI Host driver 3.04.20
[    7.636423] AVX version of gcm_enc/dec engaged.
[    7.649674] AES CTR mode by8 optimization enabled
[    7.854003] input: ImExPS/2 Generic Explorer Mouse as /devices/platform/i8042/serio1/input/input4
[    8.006182] e1000 0000:00:03.0 eth0: (PCI:33MHz:32-bit) 02:64:b1:f0:58:a2
[    8.117152] e1000 0000:00:03.0 eth0: Intel(R) PRO/1000 Network Connection
[    8.796479] mptbase: ioc0: Initiating bringup
[    9.719864] ioc0: LSI53C1030 A0: Capabilities={Initiator}
[   12.116438] scsi host2: ioc0: LSI53C1030 A0, FwRev=00000000h, Ports=1, MaxQ=256, IRQ=20
[   14.234996] scsi 2:0:0:0: Direct-Access     VBOX     HARDDISK         1.0  PQ: 0 ANSI: 5
[   14.284296] scsi target2:0:0: Beginning Domain Validation
[   14.287826] scsi target2:0:0: Domain Validation skipping write tests
[   14.315914] scsi target2:0:0: Ending Domain Validation
[   14.329872] scsi target2:0:0: asynchronous
[   14.343261] scsi 2:0:1:0: Direct-Access     VBOX     HARDDISK         1.0  PQ: 0 ANSI: 5
[   14.610022] scsi target2:0:1: Beginning Domain Validation
[   14.618932] random: fast init done
[   14.631033] scsi target2:0:1: Domain Validation skipping write tests
[   14.641348] random: systemd-udevd: uninitialized urandom read (16 bytes read)
[   14.641367] random: systemd-udevd: uninitialized urandom read (16 bytes read)
[   14.641370] random: systemd-udevd: uninitialized urandom read (16 bytes read)
[   14.641588] e1000 0000:00:08.0 eth1: (PCI:33MHz:32-bit) 08:00:27:26:7d:05
[   14.641594] e1000 0000:00:08.0 eth1: Intel(R) PRO/1000 Network Connection
[   14.670838] e1000 0000:00:08.0 enp0s8: renamed from eth1
[   14.775698] scsi target2:0:1: Ending Domain Validation
[   14.779080] scsi target2:0:1: asynchronous
[   14.786517] sd 2:0:0:0: Attached scsi generic sg0 type 0
[   14.788773] sd 2:0:0:0: [sda] 20971520 512-byte logical blocks: (10.7 GB/10.0 GiB)
[   14.797805] e1000 0000:00:03.0 enp0s3: renamed from eth0
[   14.798873] sd 2:0:1:0: Attached scsi generic sg1 type 0
[   14.800046] sd 2:0:0:0: [sda] Write Protect is off
[   14.800258] sd 2:0:1:0: [sdb] 20480 512-byte logical blocks: (10.5 MB/10.0 MiB)
[   14.800342] sd 2:0:1:0: [sdb] Write Protect is off
[   14.800505] sd 2:0:1:0: [sdb] Incomplete mode parameter data
[   14.800506] sd 2:0:1:0: [sdb] Assuming drive cache: write through
[   14.819704] sd 2:0:1:0: [sdb] Attached SCSI disk
[   14.825569] sd 2:0:0:0: [sda] Incomplete mode parameter data
[   14.843573] sd 2:0:0:0: [sda] Assuming drive cache: write through
[   14.847203]  sda: sda1
[   14.878488] sd 2:0:0:0: [sda] Attached SCSI disk
Begin: Loading essential drivers ... [   16.368242] raid6: sse2x1   gen()  8545 MB/s
[   16.464458] raid6: sse2x1   xor()  5923 MB/s
[   16.524480] raid6: sse2x2   gen()  9711 MB/s
[   16.588442] raid6: sse2x2   xor()  6776 MB/s
[   16.656127] raid6: sse2x4   gen() 11103 MB/s
[   16.724227] raid6: sse2x4   xor()  7241 MB/s
[   16.788904] raid6: using algorithm sse2x4 gen() 11103 MB/s
[   16.815812] raid6: .... xor() 7241 MB/s, rmw enabled
[   16.816987] raid6: using ssse3x2 recovery algorithm
[   16.820103] xor: automatically using best checksumming function   avx       
[   16.847208] async_tx: api initialized (async)
done.
Begin: Running /scripts/init-premount ... done.
Begin: Mounting root file system ... Begin: Running /scripts/local-top ... done.
Begin: Running /scripts/local-premount ... [   16.957305] Btrfs loaded, crc32c=crc32c-intel
Scanning for Btrfs filesystems
done.
Warning: fsck no[   16.998773] EXT4-fs (sda1): mounted filesystem with ordered data mode. Opts: (null)
t present, so skipping root file system
done.
Begin: Running /scripts/local-bottom ... done.
Begin: Running /scripts/init-bottom ... done.
[   17.210711] ip_tables: (C) 2000-2006 Netfilter Core Team
[   17.232074] systemd[1]: systemd 237 running in system mode. (+PAM +AUDIT +SELINUX +IMA +APPARMOR +SMACK +SYSVINIT +UTMP +LIBCRYPTSETUP +GCRYPT +GNUTLS +ACL +XZ +LZ4 +SECCOMP +BLKID +ELFUTILS +KMOD -IDN2 +IDN -PCRE2 default-hierarchy=hybrid)
[   17.362089] systemd[1]: Detected virtualization oracle.
[   17.363164] systemd[1]: Detected architecture x86-64.

Welcome to [1mUbuntu 18.04.1 LTS[0m!

[   17.416960] systemd[1]: Set hostname to <ubuntu-bionic>.
[   17.712515] systemd[1]: Created slice User and Session Slice.
[[0;32m  OK  [0m] Created slice User and Session Slice.
[   17.784603] systemd[1]: Set up automount Arbitrary Executable File Formats File System Automount Point.
[[0;32m  OK  [0m] Set up automount Arbitrary Executabâ€¦rmats File System Automount Point.
[   17.878785] systemd[1]: Created slice System Slice.
[[0;32m  OK  [0m] Created slice System Slice.
[   17.976700] systemd[1]: Listening on Network Service Netlink Socket.
[[0;32m  OK  [0m] Listening on Network Service Netlink Socket.
[   18.037308] systemd[1]: Listening on Syslog Socket.
[[0;32m  OK  [0m] Listening on Syslog Socket.
[   18.051763] systemd[1]: Listening on Journal Audit Socket.
[[0;32m  OK  [0m] Listening on Journal Audit Socket.
[[0;32m  OK  [0m] Listening on Journal Socket.
         Mounting Kernel Debug File System...
         Starting Uncomplicated firewall...
         Starting Remount[   18.181777] EXT4-fs (sda1): re-mounted. Opts: (null)
 Root and Kernel File Systems...
         Starting Load Kernel Modules...
[[0;32m  OK  [0[   18.275906] Loading iSCSI transport class v2.0-870.
m] Listening on [   18.307579] iscsi: registered transport (tcp)
udev Control Socket.
[   18.407817] iscsi: registered transport (iser)
         Mounting Huge Pages File System...
[[0;32m  OK  [0m] Listening on LVM2 poll daemon socket.
[[0;32m  OK  [0m] Listening on Device-mapper event daemon FIFOs.
         Starting Set the console keyboard layout...
         Mounting POSIX Message Queue File System...
[[0;32m  OK  [0m] Listening on LVM2 metadata daemon socket.
[[0;32m  OK  [0m] Reached target User and Group Name Lookups.
[[0;32m  OK  [0m] Listening on udev Kernel Socket.
         Starting udev Coldplug all Devices...
[[0;32m  OK  [0m] Listening on Journal Socket (/dev/log).
[[0;32m  OK  [0m] Started Forward Password Requests to Wall Directory Watch.
[[0;32m  OK  [0m] Reached target System Time Synchronized.
[[0;32m  OK  [0m] Reached target Swap.
[[0;32m  OK  [0m] Reached target Slices.
         Starting Journal Service...
[[0;32m  OK  [0m] Listening on /dev/initctl Compatibility Named Pipe.
[[0;32m  OK  [0m] Created slice system-serial\x2dgetty.slice.
         Starting Monitoring of LVM2 mirrorsâ€¦ng dmeventd or progress polling...
         Starting Create list of required stâ€¦ce nodes for the current kernel...
[[0;32m  OK  [0m] Started Journal Service.
[[0;32m  OK  [0m] Mounted Kernel Debug File System.
[[0;32m  OK  [0m] Started Uncomplicated firewall.
[[0;32m  OK  [0m] Started Remount Root and Kernel File Systems.
[[0;32m  OK  [0m] Started Load Kernel Modules.
[[0;32m  OK  [0m] Mounted Huge Pages File System.
[[0;32m  OK  [0m] Started Set the console keyboard layout.
[[0;32m  OK  [0m] Mounted POSIX Message Queue File System.
[[0;32m  OK  [0m] Started Create list of required staâ€¦vice nodes for the current kernel.
[[0;32m  OK  [0m] Started LVM2 metadata daemon.
         Starting Create Static Device Nodes in /dev...
         Starting Apply Kernel Variables...
         Mounting FUSE Control File System...
         Mounting Kernel Configuration File System...
         Starting Load/Save Random Seed...
         Starting Initial cloud-init job (pre-networking)...
         Starting Flush Journal to Persistent Storage...
[[0;32m  OK  [0m] Started Monitoring of LVM2 mirrors,â€¦sing dmeventd or progress polling.
[[0;32m  OK  [0m] Started udev Coldplug all Devices.
[[0;32m  OK  [0m] Started Create Static Device Nodes in /dev.
[[0;32m  OK  [0m] Started Apply Kernel Variables.
[[0;32m  OK  [0m] Mounted FUSE Control File System.
[[0;32m  OK  [0m] Mounted Kernel Configuration File System.
[[0;32m  OK  [0m] Started Load/Save Random Seed.
         Starting udev Kernel Device Manager...
[[0;32m  OK  [0m] Reached target Local File Systems (Pre).
[[0;32m  OK  [0m] Reached target Local File Systems.
         Starting Set console font and keymap...
         Starting AppArmor initialization...
         Starting Tell Plymouth To Write Out Runtime Data...
         Starting ebtables ruleset management...
[[0;32m  OK  [0m] Started udev Kernel Device Manager.
[[0;32m  OK  [0m] Started Set console font and keymap.
[[0;32m  OK  [0m] Started Dispatch Password Requests to Console Directory Watch.
[[0;32m  OK  [0m] Reached target Local Encrypted Volumes.
[[0;32m  OK  [0m] Started Tell Plymouth To Write Out Runtime Data.
[[0;32m  OK  [0m] Started Flush Journal to Persistent Storage.
         Starting Create Volatile Files and Directories...
[[0;32m  OK  [0m] Started ebtables ruleset management.
[[0;32m  OK  [0m] Found device /dev/ttyS0.
[[0;32m  OK  [0m] Listening on Load/Save RF Kill Switch Status /dev/rfkill Watch.
[[0;32m  OK  [0m] Started AppArmor initialization.
[[0;32m  OK  [0m] Started Create Volatile Files and Directories.
         Starting Update UTMP about System Boot/Shutdown...
[[0;32m  OK  [0m] Started Update UTMP about System Boot/Shutdown.
[   21.569980] cloud-init[414]: Cloud-init v. 18.3-9-g2e62cb8a-0ubuntu1~18.04.2 running 'init-local' at Tue, 30 Oct 2018 12:06:24 +0000. Up 21.33 seconds.
[[0;32m  OK  [0m] Started Initial cloud-init job (pre-networking).
[[0;32m  OK  [0m] Reached target Network (Pre).
         Starting Network Service...
[[0;32m  OK  [0m] Started Network Service.
         Starting Wait for Network to be Configured...
         Starting Network Name Resolution...
[[0;32m  OK  [0m] Started Network Name Resolution.
[[0;32m  OK  [0m] Reached target Host and Network Name Lookups.
[[0;32m  OK  [0m] Reached target Network.
[[0;32m  OK  [0m] Started Wait for Network to be Configured.
         Starting Initial cloud-init job (metadata service crawler)...
[   24.703912] cloud-init[698]: Cloud-init v. 18.3-9-g2e62cb8a-0ubuntu1~18.04.2 running 'init' at Tue, 30 Oct 2018 12:06:27 +0000. Up 24.28 seconds.
[[   24.836458] cloud-init[698]: ci-info: ++++++++++++++++++++++++++++++++++++++Net device info+++++++++++++++++++++++++++++++++++++++
[   24.836623] cloud-init[698]: ci-info: +--------+------+-----------------------------+---------------+--------+-------------------+
[0;32m  OK  [0m] Started Initial cloud-init job (metadata service crawler).
[   24.837223] cloud-init[698]: ci-info: | Device |  Up  |           Address           |      Mask     | Scope  |     Hw-Address    |
[[   24.963287] cloud-init[698]: ci-info: +--------+------+-----------------------------+---------------+--------+-------------------+
[   24.963883] cloud-init[698]: ci-info: | enp0s3 | True |          10.0.2.15          | 255.255.255.0 | global | 02:64:b1:f0:58:a2 |
[0;32m  OK  [0m] Reached target System Initialization.
[   24.966142] cloud-init[698]: ci-info: | enp0s3 | True |  fe80::64:b1ff:fef0:58a2/64 |       .       |  link  | 02:64:b1:f0:58:a2 |
[[   24.992143] cloud-init[698]: ci-info: | enp0s8 | True |         192.168.0.42        | 255.255.255.0 | global | 08:00:27:26:7d:05 |
[   24.992384] cloud-init[698]: ci-info: | enp0s8 | True | fe80::a00:27ff:fe26:7d05/64 |       .       |  link  | 08:00:27:26:7d:05 |
[   24.994591] cloud-init[698]: ci-info: |   lo   | True |          127.0.0.1          |   255.0.0.0   |  host  |         .         |
[0;32m  OK  [0m] Started Discard unused blocks once a week.
[   24.994878] cloud-init[698]: ci-info: |   lo   | True |           ::1/128           |       .       |  host  |         .         |
[[   25.219487] cloud-init[698]: ci-info: +--------+------+-----------------------------+---------------+--------+-------------------+
[   25.219859] cloud-init[698]: ci-info: ++++++++++++++++++++++++++++++Route IPv4 info++++++++++++++++++++++++++++++
[   25.221818] cloud-init[698]: ci-info: +-------+-------------+-------------+-----------------+-----------+-------+
[   25.222151] cloud-init[698]: ci-info: | Route | Destination |   Gateway   |     Genmask     | Interface | Flags |
[   25.222421] cloud-init[698]: ci-info: +-------+-------------+-------------+-----------------+-----------+-------+
[0;32m  OK  [0m] Started ACPI Events Check.
[   25.223137] cloud-init[698]: ci-info: |   0   |   0.0.0.0   |   10.0.2.2  |     0.0.0.0     |   enp0s3  |   UG  |
[[0;32m  OK  [0m] Reached target Paths.
[   25.360758] cloud-init[698]: ci-info: |   1   |   0.0.0.0   | 192.168.0.1 |     0.0.0.0     |   enp0s8  |   UG  |
[[0;32m  OK  [0m] Started Message of the Day.
[   25.455867] cloud-init[698]: ci-info: |   2   |   10.0.2.0  |   0.0.0.0   |  255.255.255.0  |   enp0s3  |   U   |
[[   25.560716] cloud-init[698]: ci-info: |   3   |   10.0.2.2  |   0.0.0.0   | 255.255.255.255 |   enp0s3  |   UH  |
[   25.560921] cloud-init[698]: ci-info: |   4   | 192.168.0.0 |   0.0.0.0   |  255.255.255.0  |   enp0s8  |   U   |[0;32m  OK  [0m
] Listening on ACPID Listen Socket.
[   25.561730] cloud-init[698]: ci-info: |   5   | 192.168.0.1 |   0.0.0.0   | 255.255.255.255 |   enp0s8  |   UH  |
[[0;32m  OK  [0m[   25.699102] cloud-init[698]: ci-info: +-------+-------------+-------------+-----------------+-----------+-------+
[   25.699486] cloud-init[698]: ci-info: +++++++++++++++++++Route IPv6 info+++++++++++++++++++
] Started Daily Cleanup of Temporary Directories.
[   25.699708] cloud-init[698]: ci-info: +-------+-------------+---------+-----------+-------+
         [   25.885059] Starting LXD - unix socket.cloud-init
[698]: ci-info: | Route | Destination | Gateway | Interface | Flags |
         [   25.901431] cloud-init[698]: ci-info: +-------+-------------+---------+-----------+-------+
[   25.902258] Starting Socket activation for snappy daemon.cloud-init
[698]: ci-info: |   1   |  fe80::/64  |    ::   |   enp0s8  |   U   |
[[0;32m  OK  [0m[   25.913565] cloud-init[698]: ci-info: |   2   |  fe80::/64  |    ::   |   enp0s3  |   U   |
[   25.913917] cloud-init[698]: ci-info: |   4   |    local    |    ::   |   enp0s3  |   U   |
[   25.914260] cloud-init[698]: ci-info: |   5   |    local    |    ::   |   enp0s8  |   U   |
] Started Daily apt download activities.
[   25.914487] cloud-init[698]: ci-info: |   6   |   ff00::/8  |    ::   |   enp0s8  |   U   |
[[0;32m  OK  [0m[   25.961586] ] cloud-initListening on D-Bus System Message Bus Socket.[698]: 
ci-info: |   7   |   ff00::/8  |    ::   |   enp0s3  |   U   |
[[   25.985229] cloud-init[698]: ci-info: +-------+-------------+---------+-----------+-------+
[0;32m  OK  [0m] Started Daily apt upgrade and clean activities.
[[0;32m  OK  [0m] Reached target Timers.
[[0;32m  OK  [0m] Listening on Open-iSCSI iscsid Socket.
[[0;32m  OK  [0m] Listening on UUID daemon activation socket.
[[0;32m  OK  [0m] Reached target Cloud-config availability.
[[0;32m  OK  [0m] Reached target Network is Online.
         Starting Availability of block devices...
[[0;32m  OK  [0m] Reached target Remote File Systems (Pre).
[[0;32m  OK  [0m] Reached target Remote File Systems.
[[0;32m  OK  [0m] Listening on LXD - unix socket.
[[0;32m  OK  [0m] Listening on Socket activation for snappy daemon.
[[0;32m  OK  [0m] Started Availability of block devices.
[[0;32m  OK  [0m] Reached target Sockets.
[[0;32m  OK  [0m] Reached target Basic System.
         Starting LXD - container startup/shutdown...
[[0;32m  OK  [0m] Started Regular background program processing daemon.
[[0;32m  OK  [0m] Started Deferred execution scheduler.
         Starting vboxadd.service...
         Starting System Logging Service...
[[0;32m  OK  [0m] Started D-Bus System Message Bus.
         Starting LSB: automatic crash report generation...
[[0;32m  OK  [0m] Started irqbalance daemon.
         Starting LSB: Record successful boot for GRUB...
         Starting OpenBSD Secure Shell server...
         Starting Accounts Service...
         Starting Permit User Sessions...
[[0;32m  OK  [0m] Started FUSE filesystem for LXC.
         Starting Snappy daemon...
         Starting Dispatcher daemon for systemd-networkd...
         Starting Login Service...
[[0;32m  OK  [0m] Started Unattended Upgrades Shutdown.
[[0;32m  OK  [0m] Started System Logging Service.
[[0;32m  OK  [0m] Started Snappy daemon.
[[0;32m  OK  [0m] Started LXD - container startup/shutdown.
[[0;32m  OK  [0m] Started Permit User Sessions.
[[0;32m  OK  [0m] Started OpenBSD Secure Shell server.
[[0;32m  OK  [0m] Started Dispatcher daemon for systemd-networkd.
[[0;32m  OK  [0m] Started vboxadd.service.
[[0;32m  OK  [0m] Started Login Service.
         Starting Authorization Manager...
         Starting vboxadd-service.service...
         Starting Terminate Plymouth Boot Screen...
         Starting Hold until boot process finishes up...
         Starting Wait until snapd is fully seeded...
[[0;32m  OK  [0m] Started LSB: automatic crash report generation.
[[0;32m  OK  [0m] Started LSB: Record successful boot for GRUB.
[[0;32m  OK  [0m] Started vboxadd-service.service.
[[0;32m  OK  [0m] Started Terminate Plymouth Boot Screen.
[[0;32m  OK  [0m] Started Hold until boot process finishes up.
[[0;32m  OK  [0m] Started Wait until snapd is fully seeded.
[[0;32m  OK  [0m] Started Authorization Manager.
[[0;32m  OK  [0m] Started Accounts Service.
         Starting Apply the settings specified in cloud-config...
[[0;32m  OK  [0m] Started Serial Getty on ttyS0.
         Starting Set console scheme...
[[0;32m  OK  [0m] Started Set console scheme.
[[0;32m  OK  [0m] Created slice system-getty.slice.
[[0;32m  OK  [0m] Started Getty on tty1.
[[0;32m  OK  [0m] Reached target Login Prompts.
[[0;32m  OK  [0m] Reached target Multi-User System.
[[0;32m  OK  [0m] Reached target Graphical Interface.
         Starting Update UTMP about System Runlevel Changes...
[[0;32m  OK  [0m] Started Update UTMP about System Runlevel Changes.
[   28.338556] cloud-init[1203]: Cloud-init v. 18.3-9-g2e62cb8a-0ubuntu1~18.04.2 running 'modules:config' at Tue, 30 Oct 2018 12:06:31 +0000. Up 28.17 seconds.
[[0;32m  OK  [0m] Started Apply the settings specified in cloud-config.
         Starting Execute cloud user/final scripts...
[   29.045543] cloud-init[1269]: Cloud-init v. 18.3-9-g2e62cb8a-0ubuntu1~18.04.2 running 'modules:final' at Tue, 30 Oct 2018 12:06:32 +0000. Up 28.86 seconds.
[   29.049699] cloud-init[1269]: Cloud-init v. 18.3-9-g2e62cb8a-0ubuntu1~18.04.2 finished at Tue, 30 Oct 2018 12:06:32 +0000. Datasource DataSourceNoCloud [seed=/dev/sdb][dsmode=net].  Up 29.03 seconds
[[0;32m  OK  [0m] Started Execute cloud user/final scripts.
[[0;32m  OK  [0m] Reached target Cloud-init target.

Ubuntu 18.04.1 LTS ubuntu-bionic ttyS0

ubuntu-bionic login: 